\BOOKMARK [1][-]{section.1}{\376\377\000I\000n\000t\000r\000o\000d\000u\000c\000t\000i\000o\000n}{}% 1
\BOOKMARK [1][-]{section.2}{\376\377\000B\000a\000c\000k\000g\000r\000o\000u\000n\000d}{}% 2
\BOOKMARK [2][-]{subsection.2.1}{\376\377\000T\000h\000e\000\040\000C\000A\000M\000\040\000d\000e\000s\000i\000g\000n\000\040\000s\000p\000a\000c\000e}{section.2}% 3
\BOOKMARK [2][-]{subsection.2.2}{\376\377\000C\000A\000M\000\040\000t\000e\000c\000h\000n\000o\000l\000o\000g\000i\000e\000s}{section.2}% 4
\BOOKMARK [2][-]{subsection.2.3}{\376\377\000P\000r\000e\000l\000i\000m\000i\000n\000a\000r\000i\000e\000s\000\040\000a\000n\000d\000\040\000r\000e\000l\000a\000t\000e\000d\000\040\000w\000o\000r\000k}{section.2}% 5
\BOOKMARK [1][-]{section.3}{\376\377\000A\000\040\000C\000o\000s\000t\000\040\000M\000o\000d\000e\000l\000\040\000w\000i\000t\000h\000\040\000O\000n\000e\000\040\000V\000a\000r\000i\000a\000b\000l\000e}{}% 6
\BOOKMARK [1][-]{section.4}{\376\377\000M\000a\000p\000p\000i\000n\000g\000\040\000t\000h\000e\000\040\000D\000e\000t\000e\000c\000t\000o\000r\000\040\000i\000n\000t\000o\000\040\000a\000\040\000C\000A\000M}{}% 7
\BOOKMARK [2][-]{subsection.4.1}{\376\377\000W\000h\000a\000t\000\040\000`\000`\000C\000A\000M\000-\000r\000e\000s\000i\000d\000e\000n\000t\000'\000'\000\040\000r\000e\000q\000u\000i\000r\000e\000s}{section.4}% 8
\BOOKMARK [2][-]{subsection.4.2}{\376\377\000T\000h\000e\000\040\000f\000i\000r\000s\000t\000\040\000m\000a\000p\000p\000i\000n\000g\000:\000\040\000l\000e\000a\000r\000n\000e\000d\000\040\000p\000r\000o\000j\000e\000c\000t\000i\000o\000n\000,\000\040\0003\000-\000b\000i\000t\000\040\000E\000u\000c\000l\000i\000d\000e\000a\000n}{section.4}% 9
\BOOKMARK [2][-]{subsection.4.3}{\376\377\000E\000n\000c\000o\000d\000i\000n\000g\000\040\0001\000:\000\040\000s\000i\000g\000n\000\040\000r\000a\000n\000d\000o\000m\000\040\000p\000r\000o\000j\000e\000c\000t\000i\000o\000n\000,\000\040\000t\000e\000r\000n\000a\000r\000y\000\040\000\050\000o\000r\000\040\000v\000i\000a\000\040\000o\000t\000h\000e\000r\000\040\000N\000V\000M\000s\000\051}{section.4}% 10
\BOOKMARK [2][-]{subsection.4.4}{\376\377\000E\000n\000c\000o\000d\000i\000n\000g\000\040\0002\000:\000\040\000t\000h\000e\000r\000m\000o\000m\000e\000t\000e\000r\000\040\000c\000o\000d\000i\000n\000g\000\040\000\050\000p\000l\000a\000i\000n\000\040\000b\000i\000n\000a\000r\000y\000\040\000C\000M\000O\000S\000\051}{section.4}% 11
\BOOKMARK [2][-]{subsection.4.5}{\376\377\000T\000h\000e\000\040\000d\000e\000c\000i\000s\000i\000o\000n\000\040\000r\000u\000l\000e}{section.4}% 12
\BOOKMARK [2][-]{subsection.4.6}{\376\377\000E\000n\000c\000o\000d\000i\000n\000g\000\040\0003\000,\000\040\000a\000s\000\040\000a\000\040\000c\000e\000i\000l\000i\000n\000g\000:\000\040\000s\000h\000o\000r\000t\000l\000i\000s\000t\000\040\000p\000l\000u\000s\000\040\000e\000x\000a\000c\000t\000\040\000r\000e\000r\000a\000n\000k}{section.4}% 13
\BOOKMARK [1][-]{section.5}{\376\377\000W\000o\000r\000k\000l\000o\000a\000d\000\040\0001\000:\000\040\000D\000e\000c\000e\000p\000t\000i\000o\000n\000\040\000D\000e\000t\000e\000c\000t\000i\000o\000n}{}% 14
\BOOKMARK [2][-]{subsection.5.1}{\376\377\000E\000x\000p\000e\000r\000i\000m\000e\000n\000t\000a\000l\000\040\000s\000e\000t\000u\000p}{section.5}% 15
\BOOKMARK [2][-]{subsection.5.2}{\376\377\000T\000h\000e\000\040\000g\000r\000i\000d\000s}{section.5}% 16
\BOOKMARK [2][-]{subsection.5.3}{\376\377\000C\000r\000o\000s\000s\000-\000d\000o\000m\000a\000i\000n\000\040\000t\000r\000a\000n\000s\000f\000e\000r\000\040\000i\000s\000\040\000h\000a\000r\000d\000,\000\040\000a\000n\000d\000\040\000w\000i\000d\000e\000r\000\040\000c\000o\000d\000e\000s\000\040\000d\000o\000\040\000n\000o\000t\000\040\000c\000l\000o\000s\000e\000\040\000t\000h\000e\000\040\000g\000a\000p}{section.5}% 17
\BOOKMARK [2][-]{subsection.5.4}{\376\377\000A\000\040\000f\000i\000x\000e\000d\000\040\000s\000h\000o\000r\000t\000l\000i\000s\000t\000\040\000d\000o\000e\000s\000\040\000n\000o\000t\000\040\000t\000r\000a\000v\000e\000l\000\040\000a\000c\000r\000o\000s\000s\000\040\000b\000a\000n\000k\000\040\000s\000i\000z\000e\000s}{section.5}% 18
\BOOKMARK [2][-]{subsection.5.5}{\376\377\000T\000h\000e\000\040\000d\000e\000s\000t\000r\000o\000y\000e\000d\000-\000v\000e\000c\000t\000o\000r\000\040\000a\000u\000d\000i\000t}{section.5}% 19
\BOOKMARK [1][-]{section.6}{\376\377\000W\000o\000r\000k\000l\000o\000a\000d\000\040\0002\000:\000\040\000W\000h\000o\000l\000e\000-\000V\000o\000c\000a\000b\000u\000l\000a\000r\000y\000\040\000R\000e\000a\000d\000o\000u\000t}{}% 20
\BOOKMARK [2][-]{subsection.6.1}{\376\377\000A\000\040\000w\000o\000r\000k\000l\000o\000a\000d\000\040\000w\000h\000o\000s\000e\000\040\000K\000\040\000n\000o\000b\000o\000d\000y\000\040\000s\000e\000l\000e\000c\000t\000e\000d}{section.6}% 21
\BOOKMARK [2][-]{subsection.6.2}{\376\377\000A\000n\000\040\000i\000n\000-\000h\000o\000u\000s\000e\000\040\000r\000e\000p\000r\000o\000d\000u\000c\000t\000i\000o\000n\000,\000\040\000a\000t\000\040\000w\000a\000t\000c\000h\000l\000i\000s\000t\000\040\000s\000c\000a\000l\000e}{section.6}% 22
\BOOKMARK [2][-]{subsection.6.3}{\376\377\000F\000i\000d\000e\000l\000i\000t\000y\000\040\000a\000t\000\040\000C\000A\000M\000\040\000p\000r\000e\000c\000i\000s\000i\000o\000n}{section.6}% 23
\BOOKMARK [2][-]{subsection.6.4}{\376\377\000F\000i\000d\000e\000l\000i\000t\000y\000\040\000a\000s\000\040\000t\000h\000e\000\040\000l\000i\000b\000r\000a\000r\000y\000\040\000g\000r\000o\000w\000s}{section.6}% 24
\BOOKMARK [2][-]{subsection.6.5}{\376\377\000W\000h\000a\000t\000\040\000f\000u\000l\000l\000\040\000r\000e\000a\000d\000o\000u\000t\000\040\000w\000o\000u\000l\000d\000\040\000c\000o\000s\000t}{section.6}% 25
\BOOKMARK [1][-]{section.7}{\376\377\000H\000a\000r\000d\000w\000a\000r\000e\000\040\000I\000m\000p\000l\000i\000c\000a\000t\000i\000o\000n\000s}{}% 26
\BOOKMARK [2][-]{subsection.7.1}{\376\377\000M\000o\000n\000i\000t\000o\000r\000i\000n\000g\000\040\000a\000s\000\040\000a\000\040\000s\000h\000a\000r\000e\000\040\000o\000f\000\040\000t\000h\000e\000\040\000h\000o\000s\000t\000'\000s\000\040\000o\000w\000n\000\040\000t\000r\000a\000f\000f\000i\000c}{section.7}% 27
\BOOKMARK [2][-]{subsection.7.2}{\376\377\000T\000h\000e\000\040\000c\000a\000c\000h\000e\000\040\000c\000l\000i\000f\000f\000,\000\040\000a\000n\000d\000\040\000h\000o\000w\000\040\000c\000l\000o\000s\000e\000\040\000c\000u\000r\000r\000e\000n\000t\000\040\000b\000a\000n\000k\000s\000\040\000a\000r\000e\000\040\000t\000o\000\040\000i\000t}{section.7}% 28
\BOOKMARK [2][-]{subsection.7.3}{\376\377\000W\000h\000e\000r\000e\000\040\000t\000h\000e\000\040\000s\000e\000a\000r\000c\000h\000\040\000e\000n\000g\000i\000n\000e\000\040\000c\000o\000u\000l\000d\000\040\000s\000i\000t}{section.7}% 29
\BOOKMARK [2][-]{subsection.7.4}{\376\377\000D\000e\000v\000i\000c\000e\000\040\000c\000a\000n\000d\000i\000d\000a\000t\000e\000s}{section.7}% 30
\BOOKMARK [2][-]{subsection.7.5}{\376\377\000A\000\040\000f\000i\000r\000s\000t\000-\000o\000r\000d\000e\000r\000\040\000e\000n\000e\000r\000g\000y\000\040\000a\000n\000d\000\040\000l\000a\000t\000e\000n\000c\000y\000\040\000e\000s\000t\000i\000m\000a\000t\000e}{section.7}% 31
\BOOKMARK [2][-]{subsection.7.6}{\376\377\000T\000h\000e\000\040\000m\000e\000a\000s\000u\000r\000e\000m\000e\000n\000t\000s\000\040\000t\000h\000a\000t\000\040\000w\000o\000u\000l\000d\000\040\000r\000e\000p\000l\000a\000c\000e\000\040\000t\000h\000e\000\040\000e\000s\000t\000i\000m\000a\000t\000e\000s}{section.7}% 32
\BOOKMARK [1][-]{section.8}{\376\377\000L\000i\000m\000i\000t\000a\000t\000i\000o\000n\000s\000\040\000a\000n\000d\000\040\000C\000o\000n\000c\000l\000u\000s\000i\000o\000n\000s}{}% 33
\BOOKMARK [2][-]{subsection.8.1}{\376\377\000L\000i\000m\000i\000t\000a\000t\000i\000o\000n\000s}{section.8}% 34
\BOOKMARK [2][-]{subsection.8.2}{\376\377\000C\000o\000n\000c\000l\000u\000s\000i\000o\000n\000s}{section.8}% 35
\BOOKMARK [1][-]{section*.13}{\376\377\000R\000e\000f\000e\000r\000e\000n\000c\000e\000s}{}% 36
